t@hadoop:~# fdisk -l

Disk /dev/sda: 465.8 GiB, 500107862016 bytes, 976773168 sectors
Units: sectors of 1 * 512 = 512 bytes
Sector size (logical/physical): 512 bytes / 512 bytes
I/O size (minimum/optimal): 512 bytes / 512 bytes
Disklabel type: dos
Disk identifier: 0x50e771df

Device     Boot     Start       End   Sectors   Size Id Type
/dev/sda1  *         2048    206847    204800   100M  7 HPFS/NTFS/exFAT
/dev/sda2          206848 137422847 137216000  65.4G  7 HPFS/NTFS/exFAT
/dev/sda3       137422848 556376063 418953216 199.8G  7 HPFS/NTFS/exFAT
/dev/sda4       556378110 976771071 420392962 200.5G  f W95 Ext'd (LBA)
/dev/sda5       556378112 771097506 214719395 102.4G  7 HPFS/NTFS/exFAT
/dev/sda6       771098624 972955647 201857024  96.3G 83 Linux
/dev/sda7       972957696 976771071   3813376   1.8G 82 Linux swap / Solaris

Disk /dev/sdb: 15 GiB, 16106127360 bytes, 31457280 sectors
Units: sectors of 1 * 512 = 512 bytes
Sector size (logical/physical): 512 bytes / 4096 bytes
I/O size (minimum/optimal): 4096 bytes / 524288 bytes

